2026-04-24 12:19:32 - SUCCESS - ✅ Archivo descargado: logs/github_sync.log
2026-04-24 12:19:32 - SUCCESS - ✅ Archivo descargado: logs/sync_summary.json
2026-04-24 12:19:33 - ERROR - Excepción al descargar modelos_facturas/cur_energia_grupo_iberdrola/anverso-factura-curenergia.jpg: 'utf-8' codec can't decode byte 0xff in position 0: invalid start byte
2026-04-24 12:19:33 - ERROR - Excepción al descargar modelos_facturas/cur_energia_grupo_iberdrola/reverso-fact-curenergia.jpg: 'utf-8' codec can't decode byte 0xff in position 0: invalid start byte
2026-04-24 12:19:34 - ERROR - Excepción al descargar modelos_facturas/endesa/Endesa-tarifa-2.0TD.jpg: 'utf-8' codec can't decode byte 0xff in position 0: invalid start byte
2026-04-24 12:19:34 - ERROR - Excepción al descargar modelos_facturas/endesa/endesa-factura-1.jpg: 'utf-8' codec can't decode byte 0xff in position 0: invalid start byte
2026-04-24 12:19:34 - ERROR - Excepción al descargar modelos_facturas/energiaxxi_endesa_regulado/factura_luz_energia_xxi.jpg: 'utf-8' codec can't decode byte 0xff in position 0: invalid start byte
2026-04-24 12:19:35 - ERROR - Excepción al descargar modelos_facturas/energiaxxi_endesa_regulado/reverso-fact-curenergia.jpg: 'utf-8' codec can't decode byte 0xff in position 0: invalid start byte
2026-04-24 12:19:35 - ERROR - Excepción al descargar modelos_facturas/factor_energia/factura-factor-energia-luz-1.jpg: 'utf-8' codec can't decode byte 0xff in position 0: invalid start byte
2026-04-24 12:19:36 - ERROR - Excepción al descargar modelos_facturas/fenie_energia/fenieenergia1.jpg: 'utf-8' codec can't decode byte 0xff in position 0: invalid start byte
2026-04-24 12:19:36 - ERROR - Excepción al descargar modelos_facturas/naturgy/naturgy1.jpg: 'utf-8' codec can't decode byte 0xff in position 0: invalid start byte
2026-04-24 12:19:36 - ERROR - Excepción al descargar modelos_facturas/naturgy/naturgy2.jpg: 'utf-8' codec can't decode byte 0xff in position 0: invalid start byte
2026-04-24 12:19:37 - ERROR - Excepción al descargar modelos_facturas/octopus/factura_octopus_energy_3.jpg: 'utf-8' codec can't decode byte 0xff in position 0: invalid start byte
2026-04-24 12:19:37 - ERROR - Excepción al descargar modelos_facturas/octopus/octopusCUPS.png: 'utf-8' codec can't decode byte 0x89 in position 0: invalid start byte
2026-04-24 12:19:37 - ERROR - Excepción al descargar modelos_facturas/plenitude/factura-plenitude-luz-destacado-8.jpg: 'utf-8' codec can't decode byte 0xff in position 0: invalid start byte
2026-04-24 12:19:37 - ERROR - Excepción al descargar modelos_facturas/plenitude/factura-plenitude-luz-destacado-numero-1.jpg: 'utf-8' codec can't decode byte 0xff in position 0: invalid start byte
2026-04-24 12:19:38 - ERROR - Excepción al descargar modelos_facturas/repsol/factura_luz_repsol.jpg: 'utf-8' codec can't decode byte 0xff in position 0: invalid start byte
2026-04-24 12:19:38 - ERROR - Excepción al descargar modelos_facturas/repsol/factura_luz_repsol_2.jpg: 'utf-8' codec can't decode byte 0xff in position 0: invalid start byte
2026-04-24 12:19:39 - ERROR - Excepción al descargar modelos_facturas/repsol/repsol1.jpg: 'utf-8' codec can't decode byte 0xff in position 0: invalid start byte
2026-04-24 12:19:39 - ERROR - Excepción al descargar modelos_facturas/totalenergies/Totalenergiesfactura.jpg: 'utf-8' codec can't decode byte 0xff in position 0: invalid start byte
2026-04-24 12:19:40 - ERROR - Excepción al descargar modelos_facturas/totalenergies/totalenergiesgas.jpg: 'utf-8' codec can't decode byte 0xff in position 0: invalid start byte
2026-04-24 12:19:40 - ERROR - Excepción al descargar modelos_facturas/yoigo/yoigo2.jpg: 'utf-8' codec can't decode byte 0xff in position 0: invalid start byte
2026-04-24 12:19:40 - INFO - 📊 Descarga completada: 41/83 exitosas
2026-04-24 12:22:13 - INFO - 🚀 Iniciando sincronización PUSH a GitHub
2026-04-24 12:22:14 - SUCCESS - ✅ Archivo sincronizado: data/config_excedentes.csv
2026-04-24 12:22:15 - SUCCESS - ✅ Archivo sincronizado: data/seguimiento_agentes.json
2026-04-24 12:22:16 - SUCCESS - ✅ Archivo sincronizado: data/precios_luz.csv
2026-04-24 12:22:17 - SUCCESS - ✅ Archivo sincronizado: data/config_pvd.json
2026-04-24 12:22:18 - SUCCESS - ✅ Archivo sincronizado: data/pvd_cola_basico.json
2026-04-24 12:22:18 - SUCCESS - ✅ Archivo sincronizado: data/config_pmg.json
2026-04-24 12:22:20 - SUCCESS - ✅ Archivo sincronizado: data/festivos.json
2026-04-24 12:22:20 - SUCCESS - ✅ Archivo sincronizado: data/ventas_agentes.json
2026-04-24 12:22:22 - SUCCESS - ✅ Archivo sincronizado: data/agent_metrics.json
2026-04-24 12:22:23 - SUCCESS - ✅ Archivo sincronizado: data/agent_absences.json
2026-04-24 12:22:25 - SUCCESS - ✅ Archivo sincronizado: data/registro_llamadas.json
2026-04-24 12:22:26 - SUCCESS - ✅ Archivo sincronizado: data/cola_pvd.json
2026-04-24 12:22:27 - SUCCESS - ✅ Archivo sincronizado: data/planes_gas.json
2026-04-24 12:22:28 - SUCCESS - ✅ Archivo sincronizado: data/planes_accion.json
2026-04-24 12:22:29 - SUCCESS - ✅ Archivo sincronizado: data/pvd_cola_CAPTA EQUIPO EVA.json
2026-04-24 12:22:30 - SUCCESS - ✅ Archivo sincronizado: data/pvd_cola_CAPTA EQUIPO LUIS.json
2026-04-24 12:22:31 - SUCCESS - ✅ Archivo sincronizado: data/usuarios.json
2026-04-24 12:22:32 - SUCCESS - ✅ Archivo sincronizado: data/agent_schedules.json
2026-04-24 12:22:33 - SUCCESS - ✅ Archivo sincronizado: data/config_sistema.json
2026-04-24 12:22:34 - SUCCESS - ✅ Archivo sincronizado: data/feedback_agentes.json
2026-04-24 12:22:35 - SUCCESS - ✅ Archivo sincronizado: data/monitorizaciones.json
2026-04-24 12:22:36 - SUCCESS - ✅ Archivo sincronizado: data/alertas_sms.json
2026-04-24 12:22:37 - SUCCESS - ✅ Archivo sincronizado: data/agent_sales.json
2026-04-24 12:22:38 - SUCCESS - ✅ Archivo sincronizado: data/super_users.json
2026-04-24 12:22:39 - SUCCESS - ✅ Archivo sincronizado: data/pvd_cola_.json
2026-04-24 12:22:39 - SUCCESS - ✅ Archivo sincronizado: data/alertas_descartadas_admin.json
2026-04-24 12:22:41 - SUCCESS - ✅ Archivo sincronizado: data/objetivos_ventas.json
2026-04-24 12:22:42 - SUCCESS - ✅ Archivo sincronizado: modelos_facturas/fenie_energia/fenieenergia1.jpg
2026-04-24 12:22:44 - SUCCESS - ✅ Archivo sincronizado: modelos_facturas/endesa/Endesa-tarifa-2.0TD.jpg
2026-04-24 12:22:46 - SUCCESS - ✅ Archivo sincronizado: modelos_facturas/endesa/endesa-factura-1.jpg
2026-04-24 12:22:48 - SUCCESS - ✅ Archivo sincronizado: modelos_facturas/totalenergies/totalenergiesgas.jpg
2026-04-24 12:22:49 - SUCCESS - ✅ Archivo sincronizado: modelos_facturas/totalenergies/Totalenergiesfactura.jpg
2026-04-24 12:22:51 - SUCCESS - ✅ Archivo sincronizado: modelos_facturas/cur_energia_grupo_iberdrola/anverso-factura-curenergia.jpg
2026-04-24 12:22:53 - SUCCESS - ✅ Archivo sincronizado: modelos_facturas/cur_energia_grupo_iberdrola/reverso-fact-curenergia.jpg
2026-04-24 12:22:55 - SUCCESS - ✅ Archivo sincronizado: modelos_facturas/naturgy/naturgy1.jpg
2026-04-24 12:22:57 - SUCCESS - ✅ Archivo sincronizado: modelos_facturas/naturgy/naturgy2.jpg
2026-04-24 12:22:58 - SUCCESS - ✅ Archivo sincronizado: modelos_facturas/yoigo/yoigo2.jpg
2026-04-24 12:23:00 - SUCCESS - ✅ Archivo sincronizado: modelos_facturas/energiaxxi_endesa_regulado/factura_luz_energia_xxi.jpg
2026-04-24 12:23:01 - SUCCESS - ✅ Archivo sincronizado: modelos_facturas/energiaxxi_endesa_regulado/reverso-fact-curenergia.jpg
2026-04-24 12:23:03 - SUCCESS - ✅ Archivo sincronizado: modelos_facturas/factor_energia/factura-factor-energia-luz-1.jpg
2026-04-24 12:23:05 - SUCCESS - ✅ Archivo sincronizado: modelos_facturas/octopus/octopusCUPS.png
2026-04-24 12:23:06 - SUCCESS - ✅ Archivo sincronizado: modelos_facturas/octopus/factura_octopus_energy_3.jpg
2026-04-24 12:23:08 - SUCCESS - ✅ Archivo sincronizado: modelos_facturas/repsol/repsol1.jpg
2026-04-24 12:23:10 - SUCCESS - ✅ Archivo sincronizado: modelos_facturas/repsol/factura_luz_repsol_2.jpg
2026-04-24 12:23:11 - SUCCESS - ✅ Archivo sincronizado: modelos_facturas/repsol/factura_luz_repsol.jpg
2026-04-24 12:23:12 - SUCCESS - ✅ Archivo sincronizado: modelos_facturas/plenitude/factura-plenitude-luz-destacado-8.jpg
2026-04-24 12:23:13 - SUCCESS - ✅ Archivo sincronizado: modelos_facturas/plenitude/factura-plenitude-luz-destacado-numero-1.jpg
2026-04-24 12:23:14 - SUCCESS - ✅ Archivo sincronizado: logs/github_sync.log
2026-04-24 12:23:15 - SUCCESS - ✅ Archivo sincronizado: logs/sync_summary.json
2026-04-24 12:23:16 - SUCCESS - ✅ Archivo sincronizado: logs/sync_summary.json
2026-04-24 12:23:16 - INFO - 📊 Sincronización completada: 49/49 exitosas
2026-04-24 12:24:15 - INFO - 🚀 Iniciando sincronización PUSH a GitHub
2026-04-24 12:24:16 - SUCCESS - ✅ Archivo sincronizado: data/config_excedentes.csv
2026-04-24 12:24:17 - SUCCESS - ✅ Archivo sincronizado: data/seguimiento_agentes.json
2026-04-24 12:24:18 - SUCCESS - ✅ Archivo sincronizado: data/precios_luz.csv
2026-04-24 12:24:19 - SUCCESS - ✅ Archivo sincronizado: data/config_pvd.json
2026-04-24 12:24:20 - SUCCESS - ✅ Archivo sincronizado: data/pvd_cola_basico.json
2026-04-24 12:24:20 - SUCCESS - ✅ Archivo sincronizado: data/config_pmg.json
2026-04-24 12:24:21 - SUCCESS - ✅ Archivo sincronizado: data/festivos.json
2026-04-24 12:24:22 - SUCCESS - ✅ Archivo sincronizado: data/ventas_agentes.json
2026-04-24 12:24:23 - SUCCESS - ✅ Archivo sincronizado: data/agent_metrics.json
2026-04-24 12:24:25 - SUCCESS - ✅ Archivo sincronizado: data/agent_absences.json
2026-04-24 12:24:27 - SUCCESS - ✅ Archivo sincronizado: data/registro_llamadas.json
2026-04-24 12:24:28 - SUCCESS - ✅ Archivo sincronizado: data/cola_pvd.json
2026-04-24 12:24:28 - SUCCESS - ✅ Archivo sincronizado: data/planes_gas.json
2026-04-24 12:24:29 - SUCCESS - ✅ Archivo sincronizado: data/planes_accion.json
2026-04-24 12:24:30 - SUCCESS - ✅ Archivo sincronizado: data/pvd_cola_CAPTA EQUIPO EVA.json
2026-04-24 12:24:31 - SUCCESS - ✅ Archivo sincronizado: data/pvd_cola_CAPTA EQUIPO LUIS.json
2026-04-24 12:24:32 - SUCCESS - ✅ Archivo sincronizado: data/usuarios.json
2026-04-24 12:24:33 - SUCCESS - ✅ Archivo sincronizado: data/agent_schedules.json
2026-04-24 12:24:36 - SUCCESS - ✅ Archivo sincronizado: data/config_sistema.json
2026-04-24 12:24:37 - SUCCESS - ✅ Archivo sincronizado: data/feedback_agentes.json
2026-04-24 12:24:38 - SUCCESS - ✅ Archivo sincronizado: data/monitorizaciones.json
2026-04-24 12:24:39 - SUCCESS - ✅ Archivo sincronizado: data/alertas_sms.json
2026-04-24 12:24:40 - SUCCESS - ✅ Archivo sincronizado: data/agent_sales.json
2026-04-24 12:24:41 - SUCCESS - ✅ Archivo sincronizado: data/super_users.json
2026-04-24 12:24:42 - SUCCESS - ✅ Archivo sincronizado: data/pvd_cola_.json
2026-04-24 12:24:43 - SUCCESS - ✅ Archivo sincronizado: data/alertas_descartadas_admin.json
2026-04-24 12:24:45 - SUCCESS - ✅ Archivo sincronizado: data/objetivos_ventas.json
2026-04-24 12:24:46 - SUCCESS - ✅ Archivo sincronizado: modelos_facturas/fenie_energia/fenieenergia1.jpg
2026-04-24 12:24:48 - SUCCESS - ✅ Archivo sincronizado: modelos_facturas/endesa/Endesa-tarifa-2.0TD.jpg
2026-04-24 12:24:50 - SUCCESS - ✅ Archivo sincronizado: modelos_facturas/endesa/endesa-factura-1.jpg
2026-04-24 12:24:51 - SUCCESS - ✅ Archivo sincronizado: modelos_facturas/totalenergies/totalenergiesgas.jpg
2026-04-24 12:24:53 - SUCCESS - ✅ Archivo sincronizado: modelos_facturas/totalenergies/Totalenergiesfactura.jpg
2026-04-24 12:24:55 - SUCCESS - ✅ Archivo sincronizado: modelos_facturas/cur_energia_grupo_iberdrola/anverso-factura-curenergia.jpg
2026-04-24 12:24:57 - SUCCESS - ✅ Archivo sincronizado: modelos_facturas/cur_energia_grupo_iberdrola/reverso-fact-curenergia.jpg
2026-04-24 12:24:58 - SUCCESS - ✅ Archivo sincronizado: modelos_facturas/naturgy/naturgy1.jpg
2026-04-24 12:25:00 - SUCCESS - ✅ Archivo sincronizado: modelos_facturas/naturgy/naturgy2.jpg
2026-04-24 12:25:02 - SUCCESS - ✅ Archivo sincronizado: modelos_facturas/yoigo/yoigo2.jpg
2026-04-24 12:25:03 - SUCCESS - ✅ Archivo sincronizado: modelos_facturas/energiaxxi_endesa_regulado/factura_luz_energia_xxi.jpg
2026-04-24 12:25:05 - SUCCESS - ✅ Archivo sincronizado: modelos_facturas/energiaxxi_endesa_regulado/reverso-fact-curenergia.jpg
2026-04-24 12:25:06 - SUCCESS - ✅ Archivo sincronizado: modelos_facturas/factor_energia/factura-factor-energia-luz-1.jpg
2026-04-24 12:25:08 - SUCCESS - ✅ Archivo sincronizado: modelos_facturas/octopus/octopusCUPS.png
2026-04-24 12:25:09 - SUCCESS - ✅ Archivo sincronizado: modelos_facturas/octopus/factura_octopus_energy_3.jpg
2026-04-24 12:25:11 - SUCCESS - ✅ Archivo sincronizado: modelos_facturas/repsol/repsol1.jpg
2026-04-24 12:25:13 - SUCCESS - ✅ Archivo sincronizado: modelos_facturas/repsol/factura_luz_repsol_2.jpg
2026-04-24 12:25:14 - SUCCESS - ✅ Archivo sincronizado: modelos_facturas/repsol/factura_luz_repsol.jpg
2026-04-24 12:25:15 - SUCCESS - ✅ Archivo sincronizado: modelos_facturas/plenitude/factura-plenitude-luz-destacado-8.jpg
2026-04-24 12:25:16 - SUCCESS - ✅ Archivo sincronizado: modelos_facturas/plenitude/factura-plenitude-luz-destacado-numero-1.jpg
2026-04-24 12:25:18 - SUCCESS - ✅ Archivo sincronizado: logs/github_sync.log
2026-04-24 12:25:19 - SUCCESS - ✅ Archivo sincronizado: logs/sync_summary.json
2026-04-24 12:25:20 - SUCCESS - ✅ Archivo sincronizado: logs/sync_summary.json
2026-04-24 12:25:20 - INFO - 📊 Sincronización completada: 49/49 exitosas
2026-04-24 12:39:07 - INFO - 🚀 Iniciando sincronización PUSH a GitHub
2026-04-24 12:39:08 - SUCCESS - ✅ Archivo sincronizado: data/config_excedentes.csv
2026-04-24 12:39:09 - SUCCESS - ✅ Archivo sincronizado: data/seguimiento_agentes.json
2026-04-24 12:39:10 - SUCCESS - ✅ Archivo sincronizado: data/precios_luz.csv
2026-04-24 12:39:11 - SUCCESS - ✅ Archivo sincronizado: data/config_pvd.json
2026-04-24 12:39:12 - SUCCESS - ✅ Archivo sincronizado: data/pvd_cola_basico.json
2026-04-24 12:39:13 - SUCCESS - ✅ Archivo sincronizado: data/config_pmg.json
2026-04-24 12:39:14 - SUCCESS - ✅ Archivo sincronizado: data/festivos.json
2026-04-24 12:39:15 - SUCCESS - ✅ Archivo sincronizado: data/ventas_agentes.json
2026-04-24 12:39:17 - SUCCESS - ✅ Archivo sincronizado: data/agent_metrics.json
2026-04-24 12:39:19 - SUCCESS - ✅ Archivo sincronizado: data/agent_absences.json
2026-04-24 12:39:22 - SUCCESS - ✅ Archivo sincronizado: data/registro_llamadas.json
2026-04-24 12:39:24 - SUCCESS - ✅ Archivo sincronizado: data/cola_pvd.json
2026-04-24 12:39:25 - SUCCESS - ✅ Archivo sincronizado: data/planes_gas.json
2026-04-24 12:39:26 - SUCCESS - ✅ Archivo sincronizado: data/planes_accion.json
2026-04-24 12:39:27 - SUCCESS - ✅ Archivo sincronizado: data/pvd_cola_CAPTA EQUIPO EVA.json
2026-04-24 12:39:28 - SUCCESS - ✅ Archivo sincronizado: data/pvd_cola_CAPTA EQUIPO LUIS.json
2026-04-24 12:39:29 - SUCCESS - ✅ Archivo sincronizado: data/usuarios.json
2026-04-24 12:39:30 - SUCCESS - ✅ Archivo sincronizado: data/agent_schedules.json
2026-04-24 12:39:31 - SUCCESS - ✅ Archivo sincronizado: data/config_sistema.json
2026-04-24 12:39:32 - SUCCESS - ✅ Archivo sincronizado: data/feedback_agentes.json
2026-04-24 12:39:34 - SUCCESS - ✅ Archivo sincronizado: data/monitorizaciones.json
2026-04-24 12:39:34 - SUCCESS - ✅ Archivo sincronizado: data/alertas_sms.json
2026-04-24 12:39:35 - SUCCESS - ✅ Archivo sincronizado: data/agent_sales.json
2026-04-24 12:39:37 - SUCCESS - ✅ Archivo sincronizado: data/super_users.json
2026-04-24 12:39:38 - SUCCESS - ✅ Archivo sincronizado: data/pvd_cola_.json
2026-04-24 12:39:39 - SUCCESS - ✅ Archivo sincronizado: data/alertas_descartadas_admin.json
2026-04-24 12:39:41 - SUCCESS - ✅ Archivo sincronizado: data/objetivos_ventas.json
2026-04-24 12:39:45 - SUCCESS - ✅ Archivo sincronizado: modelos_facturas/fenie_energia/fenieenergia1.jpg
2026-04-24 12:39:48 - SUCCESS - ✅ Archivo sincronizado: modelos_facturas/endesa/Endesa-tarifa-2.0TD.jpg
2026-04-24 12:39:51 - SUCCESS - ✅ Archivo sincronizado: modelos_facturas/endesa/endesa-factura-1.jpg
2026-04-24 12:39:55 - SUCCESS - ✅ Archivo sincronizado: modelos_facturas/totalenergies/totalenergiesgas.jpg
2026-04-24 12:39:58 - SUCCESS - ✅ Archivo sincronizado: modelos_facturas/totalenergies/Totalenergiesfactura.jpg
2026-04-24 12:40:03 - SUCCESS - ✅ Archivo sincronizado: modelos_facturas/cur_energia_grupo_iberdrola/anverso-factura-curenergia.jpg
2026-04-24 12:40:06 - SUCCESS - ✅ Archivo sincronizado: modelos_facturas/cur_energia_grupo_iberdrola/reverso-fact-curenergia.jpg
2026-04-24 12:40:07 - SUCCESS - ✅ Archivo sincronizado: modelos_facturas/naturgy/naturgy1.jpg
2026-04-24 12:40:09 - SUCCESS - ✅ Archivo sincronizado: modelos_facturas/naturgy/naturgy2.jpg
2026-04-24 12:40:10 - SUCCESS - ✅ Archivo sincronizado: modelos_facturas/yoigo/yoigo2.jpg
2026-04-24 12:40:12 - SUCCESS - ✅ Archivo sincronizado: modelos_facturas/energiaxxi_endesa_regulado/factura_luz_energia_xxi.jpg
2026-04-24 12:40:13 - SUCCESS - ✅ Archivo sincronizado: modelos_facturas/energiaxxi_endesa_regulado/reverso-fact-curenergia.jpg
2026-04-24 12:40:14 - SUCCESS - ✅ Archivo sincronizado: modelos_facturas/factor_energia/factura-factor-energia-luz-1.jpg
2026-04-24 12:40:17 - SUCCESS - ✅ Archivo sincronizado: modelos_facturas/octopus/octopusCUPS.png
2026-04-24 12:40:19 - SUCCESS - ✅ Archivo sincronizado: modelos_facturas/octopus/factura_octopus_energy_3.jpg
2026-04-24 12:40:21 - SUCCESS - ✅ Archivo sincronizado: modelos_facturas/repsol/repsol1.jpg
2026-04-24 12:40:24 - SUCCESS - ✅ Archivo sincronizado: modelos_facturas/repsol/factura_luz_repsol_2.jpg
2026-04-24 12:40:25 - SUCCESS - ✅ Archivo sincronizado: modelos_facturas/repsol/factura_luz_repsol.jpg
2026-04-24 12:40:27 - SUCCESS - ✅ Archivo sincronizado: modelos_facturas/plenitude/factura-plenitude-luz-destacado-8.jpg
2026-04-24 12:40:29 - SUCCESS - ✅ Archivo sincronizado: modelos_facturas/plenitude/factura-plenitude-luz-destacado-numero-1.jpg
2026-04-24 12:40:30 - SUCCESS - ✅ Archivo sincronizado: logs/github_sync.log
2026-04-24 12:40:31 - SUCCESS - ✅ Archivo sincronizado: logs/sync_summary.json
2026-04-24 12:40:32 - SUCCESS - ✅ Archivo sincronizado: logs/sync_summary.json
2026-04-24 12:40:32 - INFO - 📊 Sincronización completada: 49/49 exitosas
2026-04-24 12:43:49 - SUCCESS - ✅ Archivo sincronizado: data/monitorizaciones.json
2026-04-24 12:44:41 - SUCCESS - ✅ Archivo sincronizado: data/registro_llamadas.json
2026-04-24 12:51:40 - INFO - 🚀 Iniciando sincronización PUSH a GitHub
2026-04-24 12:51:41 - SUCCESS - ✅ Archivo sincronizado: data/config_excedentes.csv
2026-04-24 12:51:42 - SUCCESS - ✅ Archivo sincronizado: data/seguimiento_agentes.json
2026-04-24 12:51:43 - SUCCESS - ✅ Archivo sincronizado: data/precios_luz.csv
2026-04-24 12:51:44 - SUCCESS - ✅ Archivo sincronizado: data/config_pvd.json
2026-04-24 12:51:45 - SUCCESS - ✅ Archivo sincronizado: data/pvd_cola_basico.json
2026-04-24 12:51:46 - SUCCESS - ✅ Archivo sincronizado: data/config_pmg.json
2026-04-24 12:51:47 - SUCCESS - ✅ Archivo sincronizado: data/festivos.json
2026-04-24 12:51:48 - SUCCESS - ✅ Archivo sincronizado: data/ventas_agentes.json
2026-04-24 12:51:50 - SUCCESS - ✅ Archivo sincronizado: data/agent_metrics.json
2026-04-24 12:51:51 - SUCCESS - ✅ Archivo sincronizado: data/agent_absences.json
2026-04-24 12:51:53 - SUCCESS - ✅ Archivo sincronizado: data/registro_llamadas.json
2026-04-24 12:51:54 - SUCCESS - ✅ Archivo sincronizado: data/cola_pvd.json
2026-04-24 12:51:55 - SUCCESS - ✅ Archivo sincronizado: data/planes_gas.json
2026-04-24 12:51:56 - SUCCESS - ✅ Archivo sincronizado: data/planes_accion.json
2026-04-24 12:51:57 - SUCCESS - ✅ Archivo sincronizado: data/pvd_cola_CAPTA EQUIPO EVA.json
2026-04-24 12:51:58 - SUCCESS - ✅ Archivo sincronizado: data/pvd_cola_CAPTA EQUIPO LUIS.json
2026-04-24 12:51:59 - SUCCESS - ✅ Archivo sincronizado: data/usuarios.json
2026-04-24 12:52:01 - SUCCESS - ✅ Archivo sincronizado: data/agent_schedules.json
2026-04-24 12:52:02 - SUCCESS - ✅ Archivo sincronizado: data/config_sistema.json
2026-04-24 12:52:03 - SUCCESS - ✅ Archivo sincronizado: data/feedback_agentes.json
2026-04-24 12:52:04 - SUCCESS - ✅ Archivo sincronizado: data/monitorizaciones.json
2026-04-24 12:52:05 - SUCCESS - ✅ Archivo sincronizado: data/alertas_sms.json
2026-04-24 12:52:07 - SUCCESS - ✅ Archivo sincronizado: data/agent_sales.json
2026-04-24 12:52:08 - SUCCESS - ✅ Archivo sincronizado: data/super_users.json
2026-04-24 12:52:09 - SUCCESS - ✅ Archivo sincronizado: data/pvd_cola_.json
2026-04-24 12:52:10 - SUCCESS - ✅ Archivo sincronizado: data/alertas_descartadas_admin.json
2026-04-24 12:52:11 - SUCCESS - ✅ Archivo sincronizado: data/objetivos_ventas.json
2026-04-24 12:52:14 - SUCCESS - ✅ Archivo sincronizado: modelos_facturas/fenie_energia/fenieenergia1.jpg
2026-04-24 12:52:16 - SUCCESS - ✅ Archivo sincronizado: modelos_facturas/endesa/Endesa-tarifa-2.0TD.jpg
2026-04-24 12:52:18 - SUCCESS - ✅ Archivo sincronizado: modelos_facturas/endesa/endesa-factura-1.jpg
2026-04-24 12:52:20 - SUCCESS - ✅ Archivo sincronizado: modelos_facturas/totalenergies/totalenergiesgas.jpg
2026-04-24 12:52:22 - SUCCESS - ✅ Archivo sincronizado: modelos_facturas/totalenergies/Totalenergiesfactura.jpg
2026-04-24 12:52:24 - SUCCESS - ✅ Archivo sincronizado: modelos_facturas/cur_energia_grupo_iberdrola/anverso-factura-curenergia.jpg
2026-04-24 12:52:26 - SUCCESS - ✅ Archivo sincronizado: modelos_facturas/cur_energia_grupo_iberdrola/reverso-fact-curenergia.jpg
2026-04-24 12:52:27 - SUCCESS - ✅ Archivo sincronizado: modelos_facturas/naturgy/naturgy1.jpg
2026-04-24 12:52:29 - SUCCESS - ✅ Archivo sincronizado: modelos_facturas/naturgy/naturgy2.jpg
2026-04-24 12:52:31 - SUCCESS - ✅ Archivo sincronizado: modelos_facturas/yoigo/yoigo2.jpg
2026-04-24 12:52:32 - SUCCESS - ✅ Archivo sincronizado: modelos_facturas/energiaxxi_endesa_regulado/factura_luz_energia_xxi.jpg
2026-04-24 12:52:34 - SUCCESS - ✅ Archivo sincronizado: modelos_facturas/energiaxxi_endesa_regulado/reverso-fact-curenergia.jpg
2026-04-24 12:52:36 - SUCCESS - ✅ Archivo sincronizado: modelos_facturas/factor_energia/factura-factor-energia-luz-1.jpg
2026-04-24 12:52:37 - SUCCESS - ✅ Archivo sincronizado: modelos_facturas/octopus/octopusCUPS.png
2026-04-24 12:52:39 - SUCCESS - ✅ Archivo sincronizado: modelos_facturas/octopus/factura_octopus_energy_3.jpg
2026-04-24 12:52:41 - SUCCESS - ✅ Archivo sincronizado: modelos_facturas/repsol/repsol1.jpg
2026-04-24 12:52:42 - SUCCESS - ✅ Archivo sincronizado: modelos_facturas/repsol/factura_luz_repsol_2.jpg
2026-04-24 12:52:43 - SUCCESS - ✅ Archivo sincronizado: modelos_facturas/repsol/factura_luz_repsol.jpg
2026-04-24 12:52:45 - SUCCESS - ✅ Archivo sincronizado: modelos_facturas/plenitude/factura-plenitude-luz-destacado-8.jpg
2026-04-24 12:52:46 - SUCCESS - ✅ Archivo sincronizado: modelos_facturas/plenitude/factura-plenitude-luz-destacado-numero-1.jpg
2026-04-24 12:52:48 - SUCCESS - ✅ Archivo sincronizado: logs/github_sync.log
2026-04-24 12:52:49 - SUCCESS - ✅ Archivo sincronizado: logs/sync_summary.json
2026-04-24 12:52:50 - SUCCESS - ✅ Archivo sincronizado: logs/sync_summary.json
2026-04-24 12:52:50 - INFO - 📊 Sincronización completada: 49/49 exitosas
2026-04-24 13:08:53 - INFO - 🚀 Iniciando sincronización PUSH a GitHub
2026-04-24 13:08:54 - SUCCESS - ✅ Archivo sincronizado: data/config_excedentes.csv
2026-04-24 13:08:55 - SUCCESS - ✅ Archivo sincronizado: data/seguimiento_agentes.json
2026-04-24 13:08:56 - SUCCESS - ✅ Archivo sincronizado: data/precios_luz.csv
2026-04-24 13:08:57 - SUCCESS - ✅ Archivo sincronizado: data/config_pvd.json
2026-04-24 13:08:58 - SUCCESS - ✅ Archivo sincronizado: data/pvd_cola_basico.json
2026-04-24 13:08:59 - SUCCESS - ✅ Archivo sincronizado: data/config_pmg.json
2026-04-24 13:09:00 - SUCCESS - ✅ Archivo sincronizado: data/festivos.json
2026-04-24 13:09:01 - SUCCESS - ✅ Archivo sincronizado: data/ventas_agentes.json
2026-04-24 13:09:02 - SUCCESS - ✅ Archivo sincronizado: data/agent_metrics.json
2026-04-24 13:09:03 - SUCCESS - ✅ Archivo sincronizado: data/agent_absences.json
2026-04-24 13:09:04 - SUCCESS - ✅ Archivo sincronizado: data/registro_llamadas.json
2026-04-24 13:09:06 - SUCCESS - ✅ Archivo sincronizado: data/cola_pvd.json
2026-04-24 13:09:07 - SUCCESS - ✅ Archivo sincronizado: data/planes_gas.json
2026-04-24 13:09:08 - SUCCESS - ✅ Archivo sincronizado: data/planes_accion.json
2026-04-24 13:09:08 - SUCCESS - ✅ Archivo sincronizado: data/pvd_cola_CAPTA EQUIPO EVA.json
2026-04-24 13:09:09 - SUCCESS - ✅ Archivo sincronizado: data/pvd_cola_CAPTA EQUIPO LUIS.json
2026-04-24 13:09:10 - SUCCESS - ✅ Archivo sincronizado: data/usuarios.json
2026-04-24 13:09:12 - SUCCESS - ✅ Archivo sincronizado: data/agent_schedules.json
2026-04-24 13:09:12 - SUCCESS - ✅ Archivo sincronizado: data/config_sistema.json
2026-04-24 13:09:14 - SUCCESS - ✅ Archivo sincronizado: data/feedback_agentes.json
2026-04-24 13:09:15 - SUCCESS - ✅ Archivo sincronizado: data/monitorizaciones.json
2026-04-24 13:09:16 - SUCCESS - ✅ Archivo sincronizado: data/alertas_sms.json
2026-04-24 13:09:17 - SUCCESS - ✅ Archivo sincronizado: data/agent_sales.json
2026-04-24 13:09:18 - SUCCESS - ✅ Archivo sincronizado: data/super_users.json
2026-04-24 13:09:19 - SUCCESS - ✅ Archivo sincronizado: data/pvd_cola_.json
2026-04-24 13:09:20 - SUCCESS - ✅ Archivo sincronizado: data/alertas_descartadas_admin.json
2026-04-24 13:09:21 - SUCCESS - ✅ Archivo sincronizado: data/objetivos_ventas.json
2026-04-24 13:09:23 - SUCCESS - ✅ Archivo sincronizado: modelos_facturas/fenie_energia/fenieenergia1.jpg
2026-04-24 13:09:25 - SUCCESS - ✅ Archivo sincronizado: modelos_facturas/endesa/Endesa-tarifa-2.0TD.jpg
2026-04-24 13:09:27 - SUCCESS - ✅ Archivo sincronizado: modelos_facturas/endesa/endesa-factura-1.jpg
2026-04-24 13:09:28 - SUCCESS - ✅ Archivo sincronizado: modelos_facturas/totalenergies/totalenergiesgas.jpg
2026-04-24 13:09:30 - SUCCESS - ✅ Archivo sincronizado: modelos_facturas/totalenergies/Totalenergiesfactura.jpg
2026-04-24 13:09:32 - SUCCESS - ✅ Archivo sincronizado: modelos_facturas/cur_energia_grupo_iberdrola/anverso-factura-curenergia.jpg
2026-04-24 13:09:34 - SUCCESS - ✅ Archivo sincronizado: modelos_facturas/cur_energia_grupo_iberdrola/reverso-fact-curenergia.jpg
2026-04-24 13:09:35 - SUCCESS - ✅ Archivo sincronizado: modelos_facturas/naturgy/naturgy1.jpg
2026-04-24 13:09:37 - SUCCESS - ✅ Archivo sincronizado: modelos_facturas/naturgy/naturgy2.jpg
2026-04-24 13:09:38 - SUCCESS - ✅ Archivo sincronizado: modelos_facturas/yoigo/yoigo2.jpg
2026-04-24 13:09:40 - SUCCESS - ✅ Archivo sincronizado: modelos_facturas/energiaxxi_endesa_regulado/factura_luz_energia_xxi.jpg
2026-04-24 13:09:41 - SUCCESS - ✅ Archivo sincronizado: modelos_facturas/energiaxxi_endesa_regulado/reverso-fact-curenergia.jpg
2026-04-24 13:09:43 - SUCCESS - ✅ Archivo sincronizado: modelos_facturas/factor_energia/factura-factor-energia-luz-1.jpg
2026-04-24 13:09:44 - SUCCESS - ✅ Archivo sincronizado: modelos_facturas/octopus/octopusCUPS.png
2026-04-24 13:09:45 - SUCCESS - ✅ Archivo sincronizado: modelos_facturas/octopus/factura_octopus_energy_3.jpg
2026-04-24 13:09:47 - SUCCESS - ✅ Archivo sincronizado: modelos_facturas/repsol/repsol1.jpg
2026-04-24 13:09:48 - SUCCESS - ✅ Archivo sincronizado: modelos_facturas/repsol/factura_luz_repsol_2.jpg
2026-04-24 13:09:49 - SUCCESS - ✅ Archivo sincronizado: modelos_facturas/repsol/factura_luz_repsol.jpg
2026-04-24 13:09:50 - SUCCESS - ✅ Archivo sincronizado: modelos_facturas/plenitude/factura-plenitude-luz-destacado-8.jpg
2026-04-24 13:09:52 - SUCCESS - ✅ Archivo sincronizado: modelos_facturas/plenitude/factura-plenitude-luz-destacado-numero-1.jpg
2026-04-24 13:09:53 - SUCCESS - ✅ Archivo sincronizado: logs/github_sync.log
2026-04-24 13:09:54 - SUCCESS - ✅ Archivo sincronizado: logs/sync_summary.json
2026-04-24 13:09:55 - SUCCESS - ✅ Archivo sincronizado: logs/sync_summary.json
2026-04-24 13:09:55 - INFO - 📊 Sincronización completada: 49/49 exitosas
2026-04-24 13:28:16 - INFO - 🚀 Iniciando sincronización PUSH a GitHub
2026-04-24 13:28:17 - SUCCESS - ✅ Archivo sincronizado: data/config_excedentes.csv
2026-04-24 13:28:18 - SUCCESS - ✅ Archivo sincronizado: data/seguimiento_agentes.json
2026-04-24 13:28:19 - SUCCESS - ✅ Archivo sincronizado: data/precios_luz.csv
2026-04-24 13:28:20 - SUCCESS - ✅ Archivo sincronizado: data/config_pvd.json
2026-04-24 13:28:21 - SUCCESS - ✅ Archivo sincronizado: data/pvd_cola_basico.json
2026-04-24 13:28:22 - SUCCESS - ✅ Archivo sincronizado: data/config_pmg.json
2026-04-24 13:28:23 - SUCCESS - ✅ Archivo sincronizado: data/festivos.json
2026-04-24 13:28:24 - SUCCESS - ✅ Archivo sincronizado: data/ventas_agentes.json
2026-04-24 13:28:26 - SUCCESS - ✅ Archivo sincronizado: data/agent_metrics.json
2026-04-24 13:28:27 - SUCCESS - ✅ Archivo sincronizado: data/agent_absences.json
2026-04-24 13:28:29 - SUCCESS - ✅ Archivo sincronizado: data/registro_llamadas.json
2026-04-24 13:28:30 - SUCCESS - ✅ Archivo sincronizado: data/cola_pvd.json
2026-04-24 13:28:31 - SUCCESS - ✅ Archivo sincronizado: data/planes_gas.json
2026-04-24 13:28:32 - SUCCESS - ✅ Archivo sincronizado: data/planes_accion.json
2026-04-24 13:28:33 - SUCCESS - ✅ Archivo sincronizado: data/pvd_cola_CAPTA EQUIPO EVA.json
2026-04-24 13:28:33 - SUCCESS - ✅ Archivo sincronizado: data/pvd_cola_CAPTA EQUIPO LUIS.json
2026-04-24 13:28:35 - SUCCESS - ✅ Archivo sincronizado: data/usuarios.json
2026-04-24 13:28:36 - SUCCESS - ✅ Archivo sincronizado: data/agent_schedules.json
2026-04-24 13:28:37 - SUCCESS - ✅ Archivo sincronizado: data/config_sistema.json
2026-04-24 13:28:38 - SUCCESS - ✅ Archivo sincronizado: data/feedback_agentes.json
2026-04-24 13:28:39 - SUCCESS - ✅ Archivo sincronizado: data/monitorizaciones.json
2026-04-24 13:28:40 - SUCCESS - ✅ Archivo sincronizado: data/alertas_sms.json
2026-04-24 13:28:41 - SUCCESS - ✅ Archivo sincronizado: data/agent_sales.json
2026-04-24 13:28:42 - SUCCESS - ✅ Archivo sincronizado: data/super_users.json
2026-04-24 13:28:43 - SUCCESS - ✅ Archivo sincronizado: data/pvd_cola_.json
2026-04-24 13:28:44 - SUCCESS - ✅ Archivo sincronizado: data/alertas_descartadas_admin.json
2026-04-24 13:28:45 - SUCCESS - ✅ Archivo sincronizado: data/objetivos_ventas.json
2026-04-24 13:28:47 - SUCCESS - ✅ Archivo sincronizado: modelos_facturas/fenie_energia/fenieenergia1.jpg
2026-04-24 13:28:48 - SUCCESS - ✅ Archivo sincronizado: modelos_facturas/endesa/Endesa-tarifa-2.0TD.jpg
2026-04-24 13:28:50 - SUCCESS - ✅ Archivo sincronizado: modelos_facturas/endesa/endesa-factura-1.jpg
2026-04-24 13:28:52 - SUCCESS - ✅ Archivo sincronizado: modelos_facturas/totalenergies/totalenergiesgas.jpg
2026-04-24 13:28:54 - SUCCESS - ✅ Archivo sincronizado: modelos_facturas/totalenergies/Totalenergiesfactura.jpg
2026-04-24 13:28:56 - SUCCESS - ✅ Archivo sincronizado: modelos_facturas/cur_energia_grupo_iberdrola/anverso-factura-curenergia.jpg
2026-04-24 13:28:57 - SUCCESS - ✅ Archivo sincronizado: modelos_facturas/cur_energia_grupo_iberdrola/reverso-fact-curenergia.jpg
2026-04-24 13:28:59 - SUCCESS - ✅ Archivo sincronizado: modelos_facturas/naturgy/naturgy1.jpg
2026-04-24 13:29:01 - SUCCESS - ✅ Archivo sincronizado: modelos_facturas/naturgy/naturgy2.jpg
2026-04-24 13:29:03 - SUCCESS - ✅ Archivo sincronizado: modelos_facturas/yoigo/yoigo2.jpg
2026-04-24 13:29:04 - SUCCESS - ✅ Archivo sincronizado: modelos_facturas/energiaxxi_endesa_regulado/factura_luz_energia_xxi.jpg
2026-04-24 13:29:06 - SUCCESS - ✅ Archivo sincronizado: modelos_facturas/energiaxxi_endesa_regulado/reverso-fact-curenergia.jpg
2026-04-24 13:29:07 - SUCCESS - ✅ Archivo sincronizado: modelos_facturas/factor_energia/factura-factor-energia-luz-1.jpg
2026-04-24 13:29:08 - SUCCESS - ✅ Archivo sincronizado: modelos_facturas/octopus/octopusCUPS.png
2026-04-24 13:29:10 - SUCCESS - ✅ Archivo sincronizado: modelos_facturas/octopus/factura_octopus_energy_3.jpg
2026-04-24 13:29:11 - SUCCESS - ✅ Archivo sincronizado: modelos_facturas/repsol/repsol1.jpg
2026-04-24 13:29:13 - SUCCESS - ✅ Archivo sincronizado: modelos_facturas/repsol/factura_luz_repsol_2.jpg
2026-04-24 13:29:14 - SUCCESS - ✅ Archivo sincronizado: modelos_facturas/repsol/factura_luz_repsol.jpg
2026-04-24 13:29:16 - SUCCESS - ✅ Archivo sincronizado: modelos_facturas/plenitude/factura-plenitude-luz-destacado-8.jpg
2026-04-24 13:29:18 - SUCCESS - ✅ Archivo sincronizado: modelos_facturas/plenitude/factura-plenitude-luz-destacado-numero-1.jpg
2026-04-24 13:29:19 - SUCCESS - ✅ Archivo sincronizado: logs/github_sync.log
2026-04-24 13:29:20 - SUCCESS - ✅ Archivo sincronizado: logs/sync_summary.json
2026-04-24 13:29:21 - SUCCESS - ✅ Archivo sincronizado: logs/sync_summary.json
2026-04-24 13:29:21 - INFO - 📊 Sincronización completada: 49/49 exitosas
2026-04-24 13:30:20 - INFO - 🚀 Iniciando sincronización PUSH a GitHub
2026-04-24 13:30:21 - SUCCESS - ✅ Archivo sincronizado: data/config_excedentes.csv
2026-04-24 13:30:22 - SUCCESS - ✅ Archivo sincronizado: data/seguimiento_agentes.json
2026-04-24 13:30:23 - SUCCESS - ✅ Archivo sincronizado: data/precios_luz.csv
2026-04-24 13:30:24 - SUCCESS - ✅ Archivo sincronizado: data/config_pvd.json
2026-04-24 13:30:24 - SUCCESS - ✅ Archivo sincronizado: data/pvd_cola_basico.json
2026-04-24 13:30:25 - SUCCESS - ✅ Archivo sincronizado: data/config_pmg.json
2026-04-24 13:30:26 - SUCCESS - ✅ Archivo sincronizado: data/festivos.json
2026-04-24 13:30:27 - SUCCESS - ✅ Archivo sincronizado: data/ventas_agentes.json
2026-04-24 13:30:29 - SUCCESS - ✅ Archivo sincronizado: data/agent_metrics.json
2026-04-24 13:30:30 - SUCCESS - ✅ Archivo sincronizado: data/agent_absences.json
2026-04-24 13:30:31 - SUCCESS - ✅ Archivo sincronizado: data/registro_llamadas.json
2026-04-24 13:30:33 - SUCCESS - ✅ Archivo sincronizado: data/cola_pvd.json
2026-04-24 13:30:34 - SUCCESS - ✅ Archivo sincronizado: data/planes_gas.json
2026-04-24 13:30:35 - SUCCESS - ✅ Archivo sincronizado: data/planes_accion.json
2026-04-24 13:30:35 - SUCCESS - ✅ Archivo sincronizado: data/pvd_cola_CAPTA EQUIPO EVA.json
2026-04-24 13:30:36 - SUCCESS - ✅ Archivo sincronizado: data/pvd_cola_CAPTA EQUIPO LUIS.json
2026-04-24 13:30:37 - SUCCESS - ✅ Archivo sincronizado: data/usuarios.json
2026-04-24 13:30:39 - SUCCESS - ✅ Archivo sincronizado: data/agent_schedules.json
2026-04-24 13:30:39 - SUCCESS - ✅ Archivo sincronizado: data/config_sistema.json
2026-04-24 13:30:41 - SUCCESS - ✅ Archivo sincronizado: data/feedback_agentes.json
2026-04-24 13:30:42 - SUCCESS - ✅ Archivo sincronizado: data/monitorizaciones.json
2026-04-24 13:30:43 - SUCCESS - ✅ Archivo sincronizado: data/alertas_sms.json
2026-04-24 13:30:44 - SUCCESS - ✅ Archivo sincronizado: data/agent_sales.json
2026-04-24 13:30:45 - SUCCESS - ✅ Archivo sincronizado: data/super_users.json
2026-04-24 13:30:46 - SUCCESS - ✅ Archivo sincronizado: data/pvd_cola_.json
2026-04-24 13:30:47 - SUCCESS - ✅ Archivo sincronizado: data/alertas_descartadas_admin.json
2026-04-24 13:30:48 - SUCCESS - ✅ Archivo sincronizado: data/objetivos_ventas.json
2026-04-24 13:30:50 - SUCCESS - ✅ Archivo sincronizado: modelos_facturas/fenie_energia/fenieenergia1.jpg
2026-04-24 13:30:52 - SUCCESS - ✅ Archivo sincronizado: modelos_facturas/endesa/Endesa-tarifa-2.0TD.jpg
2026-04-24 13:30:53 - SUCCESS - ✅ Archivo sincronizado: modelos_facturas/endesa/endesa-factura-1.jpg
2026-04-24 13:30:55 - SUCCESS - ✅ Archivo sincronizado: modelos_facturas/totalenergies/totalenergiesgas.jpg
2026-04-24 13:30:57 - SUCCESS - ✅ Archivo sincronizado: modelos_facturas/totalenergies/Totalenergiesfactura.jpg
2026-04-24 13:30:59 - SUCCESS - ✅ Archivo sincronizado: modelos_facturas/cur_energia_grupo_iberdrola/anverso-factura-curenergia.jpg
2026-04-24 13:31:01 - SUCCESS - ✅ Archivo sincronizado: modelos_facturas/cur_energia_grupo_iberdrola/reverso-fact-curenergia.jpg
2026-04-24 13:31:03 - SUCCESS - ✅ Archivo sincronizado: modelos_facturas/naturgy/naturgy1.jpg
2026-04-24 13:31:05 - SUCCESS - ✅ Archivo sincronizado: modelos_facturas/naturgy/naturgy2.jpg
2026-04-24 13:31:06 - SUCCESS - ✅ Archivo sincronizado: modelos_facturas/yoigo/yoigo2.jpg
2026-04-24 13:31:07 - SUCCESS - ✅ Archivo sincronizado: modelos_facturas/energiaxxi_endesa_regulado/factura_luz_energia_xxi.jpg
2026-04-24 13:31:09 - SUCCESS - ✅ Archivo sincronizado: modelos_facturas/energiaxxi_endesa_regulado/reverso-fact-curenergia.jpg
2026-04-24 13:31:11 - SUCCESS - ✅ Archivo sincronizado: modelos_facturas/factor_energia/factura-factor-energia-luz-1.jpg
2026-04-24 13:31:12 - SUCCESS - ✅ Archivo sincronizado: modelos_facturas/octopus/octopusCUPS.png
2026-04-24 13:31:13 - SUCCESS - ✅ Archivo sincronizado: modelos_facturas/octopus/factura_octopus_energy_3.jpg
2026-04-24 13:31:15 - SUCCESS - ✅ Archivo sincronizado: modelos_facturas/repsol/repsol1.jpg
2026-04-24 13:31:17 - SUCCESS - ✅ Archivo sincronizado: modelos_facturas/repsol/factura_luz_repsol_2.jpg
2026-04-24 13:31:18 - SUCCESS - ✅ Archivo sincronizado: modelos_facturas/repsol/factura_luz_repsol.jpg
2026-04-24 13:31:20 - SUCCESS - ✅ Archivo sincronizado: modelos_facturas/plenitude/factura-plenitude-luz-destacado-8.jpg
2026-04-24 13:31:21 - SUCCESS - ✅ Archivo sincronizado: modelos_facturas/plenitude/factura-plenitude-luz-destacado-numero-1.jpg
2026-04-24 13:31:22 - SUCCESS - ✅ Archivo sincronizado: logs/github_sync.log
2026-04-24 13:31:23 - SUCCESS - ✅ Archivo sincronizado: logs/sync_summary.json
2026-04-24 13:31:24 - SUCCESS - ✅ Archivo sincronizado: logs/sync_summary.json
2026-04-24 13:31:24 - INFO - 📊 Sincronización completada: 49/49 exitosas
2026-04-24 13:45:32 - INFO - 🚀 Iniciando sincronización PUSH a GitHub
2026-04-24 13:45:33 - SUCCESS - ✅ Archivo sincronizado: data/config_excedentes.csv
2026-04-24 13:45:34 - SUCCESS - ✅ Archivo sincronizado: data/seguimiento_agentes.json
2026-04-24 13:45:35 - SUCCESS - ✅ Archivo sincronizado: data/precios_luz.csv
2026-04-24 13:45:36 - SUCCESS - ✅ Archivo sincronizado: data/config_pvd.json
2026-04-24 13:45:37 - SUCCESS - ✅ Archivo sincronizado: data/pvd_cola_basico.json
2026-04-24 13:45:38 - SUCCESS - ✅ Archivo sincronizado: data/config_pmg.json
2026-04-24 13:45:39 - SUCCESS - ✅ Archivo sincronizado: data/festivos.json
2026-04-24 13:45:40 - SUCCESS - ✅ Archivo sincronizado: data/ventas_agentes.json
2026-04-24 13:45:41 - SUCCESS - ✅ Archivo sincronizado: data/agent_metrics.json
2026-04-24 13:45:42 - SUCCESS - ✅ Archivo sincronizado: data/agent_absences.json
2026-04-24 13:45:44 - SUCCESS - ✅ Archivo sincronizado: data/registro_llamadas.json
2026-04-24 13:45:45 - SUCCESS - ✅ Archivo sincronizado: data/cola_pvd.json
2026-04-24 13:45:46 - SUCCESS - ✅ Archivo sincronizado: data/planes_gas.json
2026-04-24 13:45:47 - SUCCESS - ✅ Archivo sincronizado: data/planes_accion.json
2026-04-24 13:45:48 - SUCCESS - ✅ Archivo sincronizado: data/pvd_cola_CAPTA EQUIPO EVA.json
2026-04-24 13:45:49 - SUCCESS - ✅ Archivo sincronizado: data/pvd_cola_CAPTA EQUIPO LUIS.json
2026-04-24 13:45:50 - SUCCESS - ✅ Archivo sincronizado: data/usuarios.json
2026-04-24 13:45:51 - SUCCESS - ✅ Archivo sincronizado: data/agent_schedules.json
2026-04-24 13:45:52 - SUCCESS - ✅ Archivo sincronizado: data/config_sistema.json
2026-04-24 13:45:53 - SUCCESS - ✅ Archivo sincronizado: data/feedback_agentes.json
2026-04-24 13:45:55 - SUCCESS - ✅ Archivo sincronizado: data/monitorizaciones.json
2026-04-24 13:45:56 - SUCCESS - ✅ Archivo sincronizado: data/alertas_sms.json
2026-04-24 13:45:57 - SUCCESS - ✅ Archivo sincronizado: data/agent_sales.json
2026-04-24 13:45:58 - SUCCESS - ✅ Archivo sincronizado: data/super_users.json
2026-04-24 13:45:59 - SUCCESS - ✅ Archivo sincronizado: data/pvd_cola_.json
2026-04-24 13:46:00 - SUCCESS - ✅ Archivo sincronizado: data/alertas_descartadas_admin.json
2026-04-24 13:46:01 - SUCCESS - ✅ Archivo sincronizado: data/objetivos_ventas.json
2026-04-24 13:46:03 - SUCCESS - ✅ Archivo sincronizado: modelos_facturas/fenie_energia/fenieenergia1.jpg
2026-04-24 13:46:05 - SUCCESS - ✅ Archivo sincronizado: modelos_facturas/endesa/Endesa-tarifa-2.0TD.jpg
2026-04-24 13:46:06 - SUCCESS - ✅ Archivo sincronizado: modelos_facturas/endesa/endesa-factura-1.jpg
2026-04-24 13:46:08 - SUCCESS - ✅ Archivo sincronizado: modelos_facturas/totalenergies/totalenergiesgas.jpg
2026-04-24 13:46:10 - SUCCESS - ✅ Archivo sincronizado: modelos_facturas/totalenergies/Totalenergiesfactura.jpg
2026-04-24 13:46:12 - SUCCESS - ✅ Archivo sincronizado: modelos_facturas/cur_energia_grupo_iberdrola/anverso-factura-curenergia.jpg
2026-04-24 13:46:14 - SUCCESS - ✅ Archivo sincronizado: modelos_facturas/cur_energia_grupo_iberdrola/reverso-fact-curenergia.jpg
2026-04-24 13:46:15 - SUCCESS - ✅ Archivo sincronizado: modelos_facturas/naturgy/naturgy1.jpg
2026-04-24 13:46:17 - SUCCESS - ✅ Archivo sincronizado: modelos_facturas/naturgy/naturgy2.jpg
2026-04-24 13:46:18 - SUCCESS - ✅ Archivo sincronizado: modelos_facturas/yoigo/yoigo2.jpg
2026-04-24 13:46:20 - SUCCESS - ✅ Archivo sincronizado: modelos_facturas/energiaxxi_endesa_regulado/factura_luz_energia_xxi.jpg
2026-04-24 13:46:22 - SUCCESS - ✅ Archivo sincronizado: modelos_facturas/energiaxxi_endesa_regulado/reverso-fact-curenergia.jpg
2026-04-24 13:46:23 - SUCCESS - ✅ Archivo sincronizado: modelos_facturas/factor_energia/factura-factor-energia-luz-1.jpg
2026-04-24 13:46:24 - SUCCESS - ✅ Archivo sincronizado: modelos_facturas/octopus/octopusCUPS.png
2026-04-24 13:46:25 - SUCCESS - ✅ Archivo sincronizado: modelos_facturas/octopus/factura_octopus_energy_3.jpg
2026-04-24 13:46:27 - SUCCESS - ✅ Archivo sincronizado: modelos_facturas/repsol/repsol1.jpg
2026-04-24 13:46:28 - SUCCESS - ✅ Archivo sincronizado: modelos_facturas/repsol/factura_luz_repsol_2.jpg
2026-04-24 13:46:30 - SUCCESS - ✅ Archivo sincronizado: modelos_facturas/repsol/factura_luz_repsol.jpg
2026-04-24 13:46:31 - SUCCESS - ✅ Archivo sincronizado: modelos_facturas/plenitude/factura-plenitude-luz-destacado-8.jpg
2026-04-24 13:46:33 - SUCCESS - ✅ Archivo sincronizado: modelos_facturas/plenitude/factura-plenitude-luz-destacado-numero-1.jpg
2026-04-24 13:46:34 - SUCCESS - ✅ Archivo sincronizado: logs/github_sync.log
2026-04-24 13:46:35 - SUCCESS - ✅ Archivo sincronizado: logs/sync_summary.json
2026-04-24 13:46:36 - SUCCESS - ✅ Archivo sincronizado: logs/sync_summary.json
2026-04-24 13:46:36 - INFO - 📊 Sincronización completada: 49/49 exitosas
2026-04-24 13:57:50 - INFO - 🚀 Iniciando sincronización PUSH a GitHub
2026-04-24 13:57:51 - SUCCESS - ✅ Archivo sincronizado: data/config_excedentes.csv
2026-04-24 13:57:52 - SUCCESS - ✅ Archivo sincronizado: data/seguimiento_agentes.json
2026-04-24 13:57:53 - SUCCESS - ✅ Archivo sincronizado: data/precios_luz.csv
2026-04-24 13:57:54 - SUCCESS - ✅ Archivo sincronizado: data/config_pvd.json
2026-04-24 13:57:55 - SUCCESS - ✅ Archivo sincronizado: data/pvd_cola_basico.json
2026-04-24 13:57:56 - SUCCESS - ✅ Archivo sincronizado: data/config_pmg.json
2026-04-24 13:57:58 - SUCCESS - ✅ Archivo sincronizado: data/festivos.json
2026-04-24 13:58:00 - SUCCESS - ✅ Archivo sincronizado: data/ventas_agentes.json
2026-04-24 13:58:01 - SUCCESS - ✅ Archivo sincronizado: data/agent_metrics.json
2026-04-24 13:58:03 - SUCCESS - ✅ Archivo sincronizado: data/agent_absences.json
2026-04-24 13:58:04 - SUCCESS - ✅ Archivo sincronizado: data/registro_llamadas.json
2026-04-24 13:58:05 - SUCCESS - ✅ Archivo sincronizado: data/cola_pvd.json
2026-04-24 13:58:06 - SUCCESS - ✅ Archivo sincronizado: data/planes_gas.json
2026-04-24 13:58:07 - SUCCESS - ✅ Archivo sincronizado: data/planes_accion.json
2026-04-24 13:58:08 - SUCCESS - ✅ Archivo sincronizado: data/pvd_cola_CAPTA EQUIPO EVA.json
2026-04-24 13:58:09 - SUCCESS - ✅ Archivo sincronizado: data/pvd_cola_CAPTA EQUIPO LUIS.json
2026-04-24 13:58:10 - SUCCESS - ✅ Archivo sincronizado: data/usuarios.json
2026-04-24 13:58:11 - SUCCESS - ✅ Archivo sincronizado: data/agent_schedules.json
2026-04-24 13:58:12 - SUCCESS - ✅ Archivo sincronizado: data/config_sistema.json
2026-04-24 13:58:13 - SUCCESS - ✅ Archivo sincronizado: data/feedback_agentes.json
2026-04-24 13:58:15 - SUCCESS - ✅ Archivo sincronizado: data/monitorizaciones.json
2026-04-24 13:58:16 - SUCCESS - ✅ Archivo sincronizado: data/alertas_sms.json
2026-04-24 13:58:17 - SUCCESS - ✅ Archivo sincronizado: data/agent_sales.json
2026-04-24 13:58:19 - SUCCESS - ✅ Archivo sincronizado: data/super_users.json
2026-04-24 13:58:20 - SUCCESS - ✅ Archivo sincronizado: data/pvd_cola_.json
2026-04-24 13:58:21 - SUCCESS - ✅ Archivo sincronizado: data/alertas_descartadas_admin.json
2026-04-24 13:58:23 - SUCCESS - ✅ Archivo sincronizado: data/objetivos_ventas.json
2026-04-24 13:58:24 - SUCCESS - ✅ Archivo sincronizado: modelos_facturas/fenie_energia/fenieenergia1.jpg
2026-04-24 13:58:27 - SUCCESS - ✅ Archivo sincronizado: modelos_facturas/endesa/Endesa-tarifa-2.0TD.jpg
2026-04-24 13:58:30 - SUCCESS - ✅ Archivo sincronizado: modelos_facturas/endesa/endesa-factura-1.jpg
2026-04-24 13:58:32 - SUCCESS - ✅ Archivo sincronizado: modelos_facturas/totalenergies/totalenergiesgas.jpg
2026-04-24 13:58:34 - SUCCESS - ✅ Archivo sincronizado: modelos_facturas/totalenergies/Totalenergiesfactura.jpg
2026-04-24 13:58:36 - SUCCESS - ✅ Archivo sincronizado: modelos_facturas/cur_energia_grupo_iberdrola/anverso-factura-curenergia.jpg
2026-04-24 13:58:38 - SUCCESS - ✅ Archivo sincronizado: modelos_facturas/cur_energia_grupo_iberdrola/reverso-fact-curenergia.jpg
2026-04-24 13:58:39 - SUCCESS - ✅ Archivo sincronizado: modelos_facturas/naturgy/naturgy1.jpg
2026-04-24 13:58:41 - SUCCESS - ✅ Archivo sincronizado: modelos_facturas/naturgy/naturgy2.jpg
2026-04-24 13:58:42 - SUCCESS - ✅ Archivo sincronizado: modelos_facturas/yoigo/yoigo2.jpg
2026-04-24 13:58:44 - SUCCESS - ✅ Archivo sincronizado: modelos_facturas/energiaxxi_endesa_regulado/factura_luz_energia_xxi.jpg
2026-04-24 13:58:46 - SUCCESS - ✅ Archivo sincronizado: modelos_facturas/energiaxxi_endesa_regulado/reverso-fact-curenergia.jpg
2026-04-24 13:58:47 - SUCCESS - ✅ Archivo sincronizado: modelos_facturas/factor_energia/factura-factor-energia-luz-1.jpg
2026-04-24 13:58:49 - SUCCESS - ✅ Archivo sincronizado: modelos_facturas/octopus/octopusCUPS.png
2026-04-24 13:58:50 - SUCCESS - ✅ Archivo sincronizado: modelos_facturas/octopus/factura_octopus_energy_3.jpg
2026-04-24 13:58:52 - SUCCESS - ✅ Archivo sincronizado: modelos_facturas/repsol/repsol1.jpg
2026-04-24 13:58:53 - SUCCESS - ✅ Archivo sincronizado: modelos_facturas/repsol/factura_luz_repsol_2.jpg
2026-04-24 13:58:55 - SUCCESS - ✅ Archivo sincronizado: modelos_facturas/repsol/factura_luz_repsol.jpg
2026-04-24 13:58:56 - SUCCESS - ✅ Archivo sincronizado: modelos_facturas/plenitude/factura-plenitude-luz-destacado-8.jpg
2026-04-24 13:58:57 - SUCCESS - ✅ Archivo sincronizado: modelos_facturas/plenitude/factura-plenitude-luz-destacado-numero-1.jpg
